../../../../../../../Drivers/STM32WBxx_HAL_Driver/Inc/stm32wbxx_ll_rcc.h:1679:22:LL_RCC_LSE_SetDriveCapability	16	static
../../../../../../../Drivers/STM32WBxx_HAL_Driver/Inc/stm32wbxx_ll_bus.h:364:22:LL_AHB1_GRP1_EnableClock	24	static
../../../../../../../Drivers/STM32WBxx_HAL_Driver/Inc/stm32wbxx_ll_bus.h:539:22:LL_AHB2_GRP1_EnableClock	24	static
C:/Users/tony_/Documents/ARM_PROJECTS/WB55_NUCLEO/STOP2_MODE_WITH_RADIO/stm32wb_nucleo_clock_experiment/Projects/P-NUCLEO-WB55.Nucleo/Applications/BLE/BLE_p2pServer/Core/Src/main.c:109:5:main	8	static
C:/Users/tony_/Documents/ARM_PROJECTS/WB55_NUCLEO/STOP2_MODE_WITH_RADIO/stm32wb_nucleo_clock_experiment/Projects/P-NUCLEO-WB55.Nucleo/Applications/BLE/BLE_p2pServer/Core/Src/main.c:201:6:SystemClock_Config	112	static
C:/Users/tony_/Documents/ARM_PROJECTS/WB55_NUCLEO/STOP2_MODE_WITH_RADIO/stm32wb_nucleo_clock_experiment/Projects/P-NUCLEO-WB55.Nucleo/Applications/BLE/BLE_p2pServer/Core/Src/main.c:253:6:PeriphCommonClock_Config	88	static
C:/Users/tony_/Documents/ARM_PROJECTS/WB55_NUCLEO/STOP2_MODE_WITH_RADIO/stm32wb_nucleo_clock_experiment/Projects/P-NUCLEO-WB55.Nucleo/Applications/BLE/BLE_p2pServer/Core/Src/main.c:278:13:MX_IPCC_Init	8	static
C:/Users/tony_/Documents/ARM_PROJECTS/WB55_NUCLEO/STOP2_MODE_WITH_RADIO/stm32wb_nucleo_clock_experiment/Projects/P-NUCLEO-WB55.Nucleo/Applications/BLE/BLE_p2pServer/Core/Src/main.c:304:6:MX_LPUART1_UART_Init	8	static
C:/Users/tony_/Documents/ARM_PROJECTS/WB55_NUCLEO/STOP2_MODE_WITH_RADIO/stm32wb_nucleo_clock_experiment/Projects/P-NUCLEO-WB55.Nucleo/Applications/BLE/BLE_p2pServer/Core/Src/main.c:352:6:MX_USART1_UART_Init	8	static
C:/Users/tony_/Documents/ARM_PROJECTS/WB55_NUCLEO/STOP2_MODE_WITH_RADIO/stm32wb_nucleo_clock_experiment/Projects/P-NUCLEO-WB55.Nucleo/Applications/BLE/BLE_p2pServer/Core/Src/main.c:400:13:MX_RF_Init	4	static
C:/Users/tony_/Documents/ARM_PROJECTS/WB55_NUCLEO/STOP2_MODE_WITH_RADIO/stm32wb_nucleo_clock_experiment/Projects/P-NUCLEO-WB55.Nucleo/Applications/BLE/BLE_p2pServer/Core/Src/main.c:421:13:MX_RNG_Init	8	static
C:/Users/tony_/Documents/ARM_PROJECTS/WB55_NUCLEO/STOP2_MODE_WITH_RADIO/stm32wb_nucleo_clock_experiment/Projects/P-NUCLEO-WB55.Nucleo/Applications/BLE/BLE_p2pServer/Core/Src/main.c:448:13:MX_RTC_Init	8	static
C:/Users/tony_/Documents/ARM_PROJECTS/WB55_NUCLEO/STOP2_MODE_WITH_RADIO/stm32wb_nucleo_clock_experiment/Projects/P-NUCLEO-WB55.Nucleo/Applications/BLE/BLE_p2pServer/Core/Src/main.c:489:13:MX_DMA_Init	8	static
C:/Users/tony_/Documents/ARM_PROJECTS/WB55_NUCLEO/STOP2_MODE_WITH_RADIO/stm32wb_nucleo_clock_experiment/Projects/P-NUCLEO-WB55.Nucleo/Applications/BLE/BLE_p2pServer/Core/Src/main.c:512:13:MX_GPIO_Init	8	static
C:/Users/tony_/Documents/ARM_PROJECTS/WB55_NUCLEO/STOP2_MODE_WITH_RADIO/stm32wb_nucleo_clock_experiment/Projects/P-NUCLEO-WB55.Nucleo/Applications/BLE/BLE_p2pServer/Core/Src/main.c:527:6:Enter_Low_Power_Stop2	8	static
C:/Users/tony_/Documents/ARM_PROJECTS/WB55_NUCLEO/STOP2_MODE_WITH_RADIO/stm32wb_nucleo_clock_experiment/Projects/P-NUCLEO-WB55.Nucleo/Applications/BLE/BLE_p2pServer/Core/Src/main.c:552:6:Resume_From_Stop2	8	static
C:/Users/tony_/Documents/ARM_PROJECTS/WB55_NUCLEO/STOP2_MODE_WITH_RADIO/stm32wb_nucleo_clock_experiment/Projects/P-NUCLEO-WB55.Nucleo/Applications/BLE/BLE_p2pServer/Core/Src/main.c:573:6:HAL_GPIO_EXTI_Callback	16	static
C:/Users/tony_/Documents/ARM_PROJECTS/WB55_NUCLEO/STOP2_MODE_WITH_RADIO/stm32wb_nucleo_clock_experiment/Projects/P-NUCLEO-WB55.Nucleo/Applications/BLE/BLE_p2pServer/Core/Src/main.c:586:6:Error_Handler	4	static
