../../../../../../../Drivers/STM32WBxx_HAL_Driver/Inc/stm32wbxx_ll_system.h:2223:26:LL_FLASH_GetUDN	4	static
../../../../../../../Drivers/STM32WBxx_HAL_Driver/Inc/stm32wbxx_ll_system.h:2235:26:LL_FLASH_GetDeviceID	4	static
../../../../../../../Drivers/STM32WBxx_HAL_Driver/Inc/stm32wbxx_ll_system.h:2247:26:LL_FLASH_GetSTCompanyID	4	static
C:/Users/tony_/Documents/ARM_PROJECTS/WB55_NUCLEO/STOP2_MODE_WITH_RADIO/stm32wb_nucleo_clock_experiment/Projects/P-NUCLEO-WB55.Nucleo/Applications/BLE/BLE_p2pServer/STM32_WPAN/App/app_ble.c:385:6:APP_BLE_Init	80	static
C:/Users/tony_/Documents/ARM_PROJECTS/WB55_NUCLEO/STOP2_MODE_WITH_RADIO/stm32wb_nucleo_clock_experiment/Projects/P-NUCLEO-WB55.Nucleo/Applications/BLE/BLE_p2pServer/STM32_WPAN/App/app_ble.c:546:28:SVCCTL_App_Notification	56	static
C:/Users/tony_/Documents/ARM_PROJECTS/WB55_NUCLEO/STOP2_MODE_WITH_RADIO/stm32wb_nucleo_clock_experiment/Projects/P-NUCLEO-WB55.Nucleo/Applications/BLE/BLE_p2pServer/STM32_WPAN/App/app_ble.c:865:22:APP_BLE_Get_Server_Connection_Status	4	static
C:/Users/tony_/Documents/ARM_PROJECTS/WB55_NUCLEO/STOP2_MODE_WITH_RADIO/stm32wb_nucleo_clock_experiment/Projects/P-NUCLEO-WB55.Nucleo/Applications/BLE/BLE_p2pServer/STM32_WPAN/App/app_ble.c:871:6:APP_BLE_Key_Button1_Action	8	static
C:/Users/tony_/Documents/ARM_PROJECTS/WB55_NUCLEO/STOP2_MODE_WITH_RADIO/stm32wb_nucleo_clock_experiment/Projects/P-NUCLEO-WB55.Nucleo/Applications/BLE/BLE_p2pServer/STM32_WPAN/App/app_ble.c:876:6:APP_BLE_Key_Button2_Action	8	static
C:/Users/tony_/Documents/ARM_PROJECTS/WB55_NUCLEO/STOP2_MODE_WITH_RADIO/stm32wb_nucleo_clock_experiment/Projects/P-NUCLEO-WB55.Nucleo/Applications/BLE/BLE_p2pServer/STM32_WPAN/App/app_ble.c:885:6:APP_BLE_Key_Button3_Action	4	static
C:/Users/tony_/Documents/ARM_PROJECTS/WB55_NUCLEO/STOP2_MODE_WITH_RADIO/stm32wb_nucleo_clock_experiment/Projects/P-NUCLEO-WB55.Nucleo/Applications/BLE/BLE_p2pServer/STM32_WPAN/App/app_ble.c:896:13:Ble_Tl_Init	16	static
C:/Users/tony_/Documents/ARM_PROJECTS/WB55_NUCLEO/STOP2_MODE_WITH_RADIO/stm32wb_nucleo_clock_experiment/Projects/P-NUCLEO-WB55.Nucleo/Applications/BLE/BLE_p2pServer/STM32_WPAN/App/app_ble.c:907:13:Ble_Hci_Gap_Gatt_Init	72	static
C:/Users/tony_/Documents/ARM_PROJECTS/WB55_NUCLEO/STOP2_MODE_WITH_RADIO/stm32wb_nucleo_clock_experiment/Projects/P-NUCLEO-WB55.Nucleo/Applications/BLE/BLE_p2pServer/STM32_WPAN/App/app_ble.c:1181:13:Adv_Request	56	static
C:/Users/tony_/Documents/ARM_PROJECTS/WB55_NUCLEO/STOP2_MODE_WITH_RADIO/stm32wb_nucleo_clock_experiment/Projects/P-NUCLEO-WB55.Nucleo/Applications/BLE/BLE_p2pServer/STM32_WPAN/App/app_ble.c:1271:16:BleGetBdAddress	32	static
C:/Users/tony_/Documents/ARM_PROJECTS/WB55_NUCLEO/STOP2_MODE_WITH_RADIO/stm32wb_nucleo_clock_experiment/Projects/P-NUCLEO-WB55.Nucleo/Applications/BLE/BLE_p2pServer/STM32_WPAN/App/app_ble.c:1328:13:Adv_Cancel	16	static
C:/Users/tony_/Documents/ARM_PROJECTS/WB55_NUCLEO/STOP2_MODE_WITH_RADIO/stm32wb_nucleo_clock_experiment/Projects/P-NUCLEO-WB55.Nucleo/Applications/BLE/BLE_p2pServer/STM32_WPAN/App/app_ble.c:1359:13:Adv_Cancel_Req	8	static
C:/Users/tony_/Documents/ARM_PROJECTS/WB55_NUCLEO/STOP2_MODE_WITH_RADIO/stm32wb_nucleo_clock_experiment/Projects/P-NUCLEO-WB55.Nucleo/Applications/BLE/BLE_p2pServer/STM32_WPAN/App/app_ble.c:1374:13:Switch_OFF_GPIO	8	static
C:/Users/tony_/Documents/ARM_PROJECTS/WB55_NUCLEO/STOP2_MODE_WITH_RADIO/stm32wb_nucleo_clock_experiment/Projects/P-NUCLEO-WB55.Nucleo/Applications/BLE/BLE_p2pServer/STM32_WPAN/App/app_ble.c:1382:6:BLE_SVC_L2CAP_Conn_Update	48	static
C:/Users/tony_/Documents/ARM_PROJECTS/WB55_NUCLEO/STOP2_MODE_WITH_RADIO/stm32wb_nucleo_clock_experiment/Projects/P-NUCLEO-WB55.Nucleo/Applications/BLE/BLE_p2pServer/STM32_WPAN/App/app_ble.c:1420:13:Connection_Interval_Update_Req	8	static
C:/Users/tony_/Documents/ARM_PROJECTS/WB55_NUCLEO/STOP2_MODE_WITH_RADIO/stm32wb_nucleo_clock_experiment/Projects/P-NUCLEO-WB55.Nucleo/Applications/BLE/BLE_p2pServer/STM32_WPAN/App/app_ble.c:1439:6:hci_notify_asynch_evt	16	static
C:/Users/tony_/Documents/ARM_PROJECTS/WB55_NUCLEO/STOP2_MODE_WITH_RADIO/stm32wb_nucleo_clock_experiment/Projects/P-NUCLEO-WB55.Nucleo/Applications/BLE/BLE_p2pServer/STM32_WPAN/App/app_ble.c:1446:6:hci_cmd_resp_release	16	static
C:/Users/tony_/Documents/ARM_PROJECTS/WB55_NUCLEO/STOP2_MODE_WITH_RADIO/stm32wb_nucleo_clock_experiment/Projects/P-NUCLEO-WB55.Nucleo/Applications/BLE/BLE_p2pServer/STM32_WPAN/App/app_ble.c:1453:6:hci_cmd_resp_wait	16	static
C:/Users/tony_/Documents/ARM_PROJECTS/WB55_NUCLEO/STOP2_MODE_WITH_RADIO/stm32wb_nucleo_clock_experiment/Projects/P-NUCLEO-WB55.Nucleo/Applications/BLE/BLE_p2pServer/STM32_WPAN/App/app_ble.c:1460:13:BLE_UserEvtRx	24	static
C:/Users/tony_/Documents/ARM_PROJECTS/WB55_NUCLEO/STOP2_MODE_WITH_RADIO/stm32wb_nucleo_clock_experiment/Projects/P-NUCLEO-WB55.Nucleo/Applications/BLE/BLE_p2pServer/STM32_WPAN/App/app_ble.c:1480:13:BLE_StatusNot	24	static
C:/Users/tony_/Documents/ARM_PROJECTS/WB55_NUCLEO/STOP2_MODE_WITH_RADIO/stm32wb_nucleo_clock_experiment/Projects/P-NUCLEO-WB55.Nucleo/Applications/BLE/BLE_p2pServer/STM32_WPAN/App/app_ble.c:1519:6:SVCCTL_ResumeUserEventFlow	8	static
C:/Users/tony_/Documents/ARM_PROJECTS/WB55_NUCLEO/STOP2_MODE_WITH_RADIO/stm32wb_nucleo_clock_experiment/Projects/P-NUCLEO-WB55.Nucleo/Applications/BLE/BLE_p2pServer/STM32_WPAN/App/app_ble.c:1527:6:APP_BLE_Stop_Advertising	8	static
C:/Users/tony_/Documents/ARM_PROJECTS/WB55_NUCLEO/STOP2_MODE_WITH_RADIO/stm32wb_nucleo_clock_experiment/Projects/P-NUCLEO-WB55.Nucleo/Applications/BLE/BLE_p2pServer/STM32_WPAN/App/app_ble.c:1536:6:APP_BLE_Start_Advertising	8	static
